<html>
<body>
<pre>
<h1>µVision Build Log</h1>
<h2>Project:</h2>
C:\Users\User\Desktop\PPSW\PROGOBOW\COPYSTRING\CopyString.uvproj
Project File Date:  03/15/2021

<h2>Output:</h2>
Build target 'Target 1'
assembling Startup.s...
compiling main.c...
linking...
Program Size: Code=812 RO-data=32 RW-data=12 ZI-data=1516  
FromELF: creating hex file...
".\CopyString.axf" - 0 Errors, 0 Warning(s).
Build target 'Target 1'
compiling main.c...
linking...
Program Size: Code=812 RO-data=32 RW-data=12 ZI-data=1516  
FromELF: creating hex file...
".\CopyString.axf" - 0 Errors, 0 Warning(s).
Clean started: Project: 'CopyString'
   deleting intermediate output files for target 'Target 1'
