<html>
<body>
<pre>
<h1>µVision Build Log</h1>
<h2>Project:</h2>
C:\Users\User\Desktop\PPSW\LABPPSW\PPSW_JP\ARCHIVE\2. REJESTRY\PROGR12\ZAD11.uvproj
Project File Date:  03/22/2021

<h2>Output:</h2>
Build target 'Target 1'
assembling Startup.s...
compiling main.c...
linking...
Program Size: Code=936 RO-data=32 RW-data=8 ZI-data=1256  
FromELF: creating hex file...
".\ZAD11.axf" - 0 Errors, 0 Warning(s).
Build target 'Target 1'
linking...
Program Size: Code=936 RO-data=32 RW-data=8 ZI-data=1256  
FromELF: creating hex file...
".\ZAD11.axf" - 0 Errors, 0 Warning(s).
Clean started: Project: 'ZAD11'
   deleting intermediate output files for target 'Target 1'
Build target 'Target 1'
assembling Startup.s...
compiling main.c...
linking...
Program Size: Code=936 RO-data=32 RW-data=8 ZI-data=1256  
FromELF: creating hex file...
".\ZAD11.axf" - 0 Errors, 0 Warning(s).
