<html>
<body>
<pre>
<h1>µVision Build Log</h1>
<h2>Project:</h2>
C:\Users\User\Desktop\PN_Lab1\ARM\cw_7\cw_7.uvproj
Project File Date:  11/14/2021

<h2>Output:</h2>
Build target 'Target 1'
assembling Startup.s...
assembling main.asm...
linking...
.\cw_7.sct(8): warning: L6314W: No section matches pattern *(InRoot$$Sections).
Program Size: Code=428 RO-data=0 RW-data=0 ZI-data=1160  
FromELF: creating hex file...
".\cw_7.axf" - 0 Errors, 1 Warning(s).
Build target 'Target 1'
assembling main.asm...
linking...
.\cw_7.sct(8): warning: L6314W: No section matches pattern *(InRoot$$Sections).
Program Size: Code=428 RO-data=0 RW-data=0 ZI-data=1160  
FromELF: creating hex file...
".\cw_7.axf" - 0 Errors, 1 Warning(s).
Build target 'Target 1'
assembling main.asm...
linking...
.\cw_7.sct(8): warning: L6314W: No section matches pattern *(InRoot$$Sections).
Program Size: Code=428 RO-data=0 RW-data=0 ZI-data=1160  
FromELF: creating hex file...
".\cw_7.axf" - 0 Errors, 1 Warning(s).
Build target 'Target 1'
assembling main.asm...
linking...
.\cw_7.sct(8): warning: L6314W: No section matches pattern *(InRoot$$Sections).
Program Size: Code=428 RO-data=0 RW-data=0 ZI-data=1160  
FromELF: creating hex file...
".\cw_7.axf" - 0 Errors, 1 Warning(s).
Build target 'Target 1'
assembling main.asm...
linking...
.\cw_7.sct(8): warning: L6314W: No section matches pattern *(InRoot$$Sections).
Program Size: Code=428 RO-data=0 RW-data=0 ZI-data=1160  
FromELF: creating hex file...
".\cw_7.axf" - 0 Errors, 1 Warning(s).
Build target 'Target 1'
assembling main.asm...
linking...
.\cw_7.sct(8): warning: L6314W: No section matches pattern *(InRoot$$Sections).
Program Size: Code=428 RO-data=0 RW-data=0 ZI-data=1160  
FromELF: creating hex file...
".\cw_7.axf" - 0 Errors, 1 Warning(s).
Build target 'Target 1'
assembling main.asm...
linking...
.\cw_7.sct(8): warning: L6314W: No section matches pattern *(InRoot$$Sections).
Program Size: Code=428 RO-data=0 RW-data=0 ZI-data=1160  
FromELF: creating hex file...
".\cw_7.axf" - 0 Errors, 1 Warning(s).
Build target 'Target 1'
assembling main.asm...
linking...
.\cw_7.sct(8): warning: L6314W: No section matches pattern *(InRoot$$Sections).
Program Size: Code=428 RO-data=0 RW-data=0 ZI-data=1160  
FromELF: creating hex file...
".\cw_7.axf" - 0 Errors, 1 Warning(s).
Build target 'Target 1'
assembling main.asm...
linking...
.\cw_7.sct(8): warning: L6314W: No section matches pattern *(InRoot$$Sections).
Program Size: Code=428 RO-data=0 RW-data=0 ZI-data=1160  
FromELF: creating hex file...
".\cw_7.axf" - 0 Errors, 1 Warning(s).
Build target 'Target 1'
assembling main.asm...
linking...
.\cw_7.sct(8): warning: L6314W: No section matches pattern *(InRoot$$Sections).
Program Size: Code=428 RO-data=0 RW-data=0 ZI-data=1160  
FromELF: creating hex file...
".\cw_7.axf" - 0 Errors, 1 Warning(s).
Build target 'Target 1'
assembling main.asm...
linking...
.\cw_7.sct(8): warning: L6314W: No section matches pattern *(InRoot$$Sections).
Program Size: Code=428 RO-data=0 RW-data=0 ZI-data=1160  
FromELF: creating hex file...
".\cw_7.axf" - 0 Errors, 1 Warning(s).
Build target 'Target 1'
assembling main.asm...
main.asm(25): warning: A1581W: Added 2 bytes of padding at address 0x12
linking...
.\cw_7.sct(8): warning: L6314W: No section matches pattern *(InRoot$$Sections).
Program Size: Code=452 RO-data=0 RW-data=0 ZI-data=1160  
FromELF: creating hex file...
".\cw_7.axf" - 0 Errors, 2 Warning(s).
Build target 'Target 1'
assembling main.asm...
main.asm(21): warning: A1865W: '#' not seen before constant expression
main.asm(25): warning: A1581W: Added 2 bytes of padding at address 0x12
linking...
.\cw_7.sct(8): warning: L6314W: No section matches pattern *(InRoot$$Sections).
Program Size: Code=452 RO-data=0 RW-data=0 ZI-data=1160  
FromELF: creating hex file...
".\cw_7.axf" - 0 Errors, 3 Warning(s).
Build target 'Target 1'
assembling main.asm...
main.asm(21): warning: A1865W: '#' not seen before constant expression
main.asm(25): warning: A1581W: Added 2 bytes of padding at address 0x12
linking...
.\cw_7.sct(8): warning: L6314W: No section matches pattern *(InRoot$$Sections).
Program Size: Code=452 RO-data=0 RW-data=0 ZI-data=1160  
FromELF: creating hex file...
".\cw_7.axf" - 0 Errors, 3 Warning(s).
Build target 'Target 1'
assembling main.asm...
main.asm(25): warning: A1581W: Added 2 bytes of padding at address 0x12
linking...
.\cw_7.sct(8): warning: L6314W: No section matches pattern *(InRoot$$Sections).
Program Size: Code=452 RO-data=0 RW-data=0 ZI-data=1160  
FromELF: creating hex file...
".\cw_7.axf" - 0 Errors, 2 Warning(s).
Build target 'Target 1'
assembling main.asm...
main.asm(25): warning: A1581W: Added 2 bytes of padding at address 0x12
linking...
.\cw_7.sct(8): warning: L6314W: No section matches pattern *(InRoot$$Sections).
Program Size: Code=452 RO-data=0 RW-data=0 ZI-data=1160  
FromELF: creating hex file...
".\cw_7.axf" - 0 Errors, 2 Warning(s).
Build target 'Target 1'
assembling main.asm...
main.asm(19): error: A1152E: Unexpected operator
".\cw_7.axf" - 1 Errors, 0 Warning(s).
Target not created
Build target 'Target 1'
assembling main.asm...
main.asm(25): warning: A1581W: Added 2 bytes of padding at address 0x16
linking...
.\cw_7.sct(8): warning: L6314W: No section matches pattern *(InRoot$$Sections).
Program Size: Code=456 RO-data=0 RW-data=0 ZI-data=1160  
FromELF: creating hex file...
".\cw_7.axf" - 0 Errors, 2 Warning(s).
Build target 'Target 1'
assembling main.asm...
main.asm(25): warning: A1581W: Added 2 bytes of padding at address 0x16
linking...
.\cw_7.sct(8): warning: L6314W: No section matches pattern *(InRoot$$Sections).
Program Size: Code=456 RO-data=0 RW-data=0 ZI-data=1160  
FromELF: creating hex file...
".\cw_7.axf" - 0 Errors, 2 Warning(s).
Build target 'Target 1'
assembling main.asm...
main.asm(25): warning: A1581W: Added 2 bytes of padding at address 0x16
linking...
.\cw_7.sct(8): warning: L6314W: No section matches pattern *(InRoot$$Sections).
Program Size: Code=456 RO-data=0 RW-data=0 ZI-data=1160  
FromELF: creating hex file...
".\cw_7.axf" - 0 Errors, 2 Warning(s).
Build target 'Target 1'
assembling main.asm...
main.asm(55): error: A1516E: Bad symbol 'Table', not defined or external
".\cw_7.axf" - 1 Errors, 0 Warning(s).
Target not created
Build target 'Target 1'
assembling main.asm...
main.asm(78): warning: A1581W: Added 2 bytes of padding at address 0x9a
linking...
.\cw_7.sct(8): warning: L6314W: No section matches pattern *(InRoot$$Sections).
Program Size: Code=456 RO-data=0 RW-data=0 ZI-data=1160  
FromELF: creating hex file...
".\cw_7.axf" - 0 Errors, 2 Warning(s).
Build target 'Target 1'
assembling main.asm...
main.asm(54): error: A1517E: Unexpected operator equal to or equivalent to =
".\cw_7.axf" - 1 Errors, 0 Warning(s).
Target not created
Build target 'Target 1'
assembling main.asm...
main.asm(77): warning: A1581W: Added 2 bytes of padding at address 0x96
linking...
.\cw_7.sct(8): warning: L6314W: No section matches pattern *(InRoot$$Sections).
Program Size: Code=448 RO-data=0 RW-data=0 ZI-data=1160  
FromELF: creating hex file...
".\cw_7.axf" - 0 Errors, 2 Warning(s).
Build target 'Target 1'
linking...
.\cw_7.sct(8): warning: L6314W: No section matches pattern *(InRoot$$Sections).
Program Size: Code=448 RO-data=0 RW-data=0 ZI-data=1160  
FromELF: creating hex file...
".\cw_7.axf" - 0 Errors, 1 Warning(s).
