ARM Linker, 5.03 [Build 76] [MDK-ARM Lite]

==============================================================================

Section Cross References

    startup.o(STACK) refers (Special) to main.o(MAIN_CODE) for __use_two_region_memory
    startup.o(HEAP) refers (Special) to main.o(MAIN_CODE) for __use_two_region_memory
    startup.o(RESET) refers (Special) to main.o(MAIN_CODE) for __use_two_region_memory
    startup.o(RESET) refers to startup.o(STACK) for Stack_Top
    startup.o(.text) refers (Special) to main.o(MAIN_CODE) for __use_two_region_memory
    startup.o(.text) refers to startup.o(HEAP) for Heap_Mem
    startup.o(.text) refers to startup.o(STACK) for Stack_Mem


==============================================================================

Removing Unused input sections from the image.

    Removing startup.o(STACK), (1160 bytes).
    Removing startup.o(HEAP), (0 bytes).
    Removing startup.o(RESET), (272 bytes).
    Removing startup.o(.text), (32 bytes).

4 unused section(s) (total 1464 bytes) removed from the image.

==============================================================================

Image Symbol Table

    Local Symbols

    Symbol Name                              Value     Ov Type        Size  Object(Section)

    MAIN_CODE                                0x00000000   Section       44  main.o(MAIN_CODE)
    Startup.s                                0x00000000   Number         0  startup.o ABSOLUTE
    main.asm                                 0x00000000   Number         0  main.o ABSOLUTE

    Global Symbols

    Symbol Name                              Value     Ov Type        Size  Object(Section)

    BuildAttributes$$THM_ISAv1$ARM_ISAv4$S$PE$A:L22$X:L11$S22$IEEE1$IW$USESV6$~STKCKD$USESV7$~SHL$OSPACE$EBA8$STANDARDLIB$PRES8$EABIv2 0x00000000   Number         0  anon$$obj.o ABSOLUTE
    __main                                   0x00000000   ARM Code       0  main.o(MAIN_CODE)
    __use_two_region_memory                  0x00000000   ARM Code       0  main.o(MAIN_CODE)



==============================================================================

Memory Map of the image

  Image Entry point : 0x00000000

  Load Region LR_1 (Base: 0x00000000, Size: 0x0000002c, Max: 0xffffffff, ABSOLUTE)

    Execution Region ER_RO (Base: 0x00000000, Size: 0x0000002c, Max: 0xffffffff, ABSOLUTE)

    Base Addr    Size         Type   Attr      Idx    E Section Name        Object

    0x00000000   0x0000002c   Code   RO           11  * MAIN_CODE           main.o


    Execution Region ER_RW (Base: 0x40000000, Size: 0x00000000, Max: 0xffffffff, ABSOLUTE)

    **** No section assigned to this execution region ****


    Execution Region ER_ZI (Base: 0x40000000, Size: 0x00000000, Max: 0xffffffff, ABSOLUTE)

    **** No section assigned to this execution region ****


==============================================================================

Image component sizes


      Code (inc. data)   RO Data    RW Data    ZI Data      Debug   Object Name

        44          4          0          0          0        176   main.o
         0          0          0          0          0         32   startup.o

    ----------------------------------------------------------------------
        44          4          0          0          0        208   Object Totals
         0          0          0          0          0          0   (incl. Generated)
         0          0          0          0          0          0   (incl. Padding)

    ----------------------------------------------------------------------
         0          0          0          0          0          0   Library Totals
         0          0          0          0          0          0   (incl. Padding)

    ----------------------------------------------------------------------

==============================================================================


      Code (inc. data)   RO Data    RW Data    ZI Data      Debug   

        44          4          0          0          0        208   Grand Totals
        44          4          0          0          0        208   ELF Image Totals
        44          4          0          0          0          0   ROM Totals

==============================================================================

    Total RO  Size (Code + RO Data)                   44 (   0.04kB)
    Total RW  Size (RW Data + ZI Data)                 0 (   0.00kB)
    Total ROM Size (Code + RO Data + RW Data)         44 (   0.04kB)

==============================================================================

