<html>
<body>
<pre>
<h1>µVision Build Log</h1>
<h2>Project:</h2>
C:\Users\User\Desktop\PN_Lab1\ARM\cw_4\cw_4.uvproj
Project File Date:  11/12/2021

<h2>Output:</h2>
Rebuild target 'Target 1'
assembling Startup.s...
assembling main.asm...
linking...
Program Size: Code=44 RO-data=0 RW-data=0 ZI-data=0  
".\cw_4.axf" - 0 Errors, 0 Warning(s).
Build target 'Target 1'
assembling main.asm...
main.asm(2): error: A1163E: Unknown opcode MAIN_CODE, , expecting opcode or Macro
main.asm(6): error: A1105E: Area directive missing
main.asm(6): warning: A1088W: Faking declaration of area AREA |$$$$$$$|
".\cw_4.axf" - 2 Errors, 1 Warning(s).
Target not created
Build target 'Target 1'
assembling main.asm...
linking...
Program Size: Code=44 RO-data=0 RW-data=0 ZI-data=0  
".\cw_4.axf" - 0 Errors, 0 Warning(s).
Build target 'Target 1'
assembling main.asm...
main.asm(12): error: A1516E: Bad symbol 'VPBDIV_SETUP', not defined or external
".\cw_4.axf" - 1 Errors, 0 Warning(s).
Target not created
Build target 'Target 1'
assembling main.asm...
main.asm(18): error: A1163E: Unknown opcode IOSET0 , expecting opcode or Macro
".\cw_4.axf" - 1 Errors, 0 Warning(s).
Target not created
Build target 'Target 1'
assembling main.asm...
main.asm(14): error: A1516E: Bad symbol 'VPBDIV_Val', not defined or external
".\cw_4.axf" - 1 Errors, 0 Warning(s).
Target not created
Build target 'Target 1'
assembling main.asm...
linking...
Program Size: Code=48 RO-data=0 RW-data=0 ZI-data=0  
".\cw_4.axf" - 0 Errors, 0 Warning(s).
Build target 'Target 1'
assembling main.asm...
main.asm(15): error: A1516E: Bad symbol 'IO0PIN0', not defined or external
".\cw_4.axf" - 1 Errors, 0 Warning(s).
Target not created
Build target 'Target 1'
assembling main.asm...
linking...
Program Size: Code=60 RO-data=0 RW-data=0 ZI-data=0  
".\cw_4.axf" - 0 Errors, 0 Warning(s).
Build target 'Target 1'
assembling main.asm...
linking...
Program Size: Code=60 RO-data=0 RW-data=0 ZI-data=0  
".\cw_4.axf" - 0 Errors, 0 Warning(s).
Build target 'Target 1'
assembling main.asm...
main.asm(15): error: A1647E: Bad register name symbol, expected Integer register
".\cw_4.axf" - 1 Errors, 0 Warning(s).
Target not created
Build target 'Target 1'
assembling main.asm...
linking...
Program Size: Code=60 RO-data=0 RW-data=0 ZI-data=0  
".\cw_4.axf" - 0 Errors, 0 Warning(s).
Build target 'Target 1'
assembling main.asm...
linking...
Program Size: Code=60 RO-data=0 RW-data=0 ZI-data=0  
".\cw_4.axf" - 0 Errors, 0 Warning(s).
Build target 'Target 1'
assembling main.asm...
linking...
Program Size: Code=60 RO-data=0 RW-data=0 ZI-data=0  
".\cw_4.axf" - 0 Errors, 0 Warning(s).
Build target 'Target 1'
assembling main.asm...
linking...
Program Size: Code=56 RO-data=0 RW-data=0 ZI-data=0  
".\cw_4.axf" - 0 Errors, 0 Warning(s).
