<html>
<body>
<pre>
<h1>µVision Build Log</h1>
<h2>Project:</h2>
C:\Users\User\Desktop\PN_Lab1\ARM\cw_6\cw_6.uvproj
Project File Date:  11/13/2021

<h2>Output:</h2>
Build target 'Target 1'
assembling Startup.s...
assembling main.asm...
linking...
.\cw_6.sct(8): warning: L6314W: No section matches pattern *(InRoot$$Sections).
Program Size: Code=376 RO-data=0 RW-data=0 ZI-data=1160  
FromELF: creating hex file...
".\cw_6.axf" - 0 Errors, 1 Warning(s).
Build target 'Target 1'
assembling main.asm...
linking...
.\cw_6.sct(8): warning: L6314W: No section matches pattern *(InRoot$$Sections).
Program Size: Code=376 RO-data=0 RW-data=0 ZI-data=1160  
FromELF: creating hex file...
".\cw_6.axf" - 0 Errors, 1 Warning(s).
Build target 'Target 1'
assembling main.asm...
linking...
.\cw_6.sct(8): warning: L6314W: No section matches pattern *(InRoot$$Sections).
Program Size: Code=376 RO-data=0 RW-data=0 ZI-data=1160  
FromELF: creating hex file...
".\cw_6.axf" - 0 Errors, 1 Warning(s).
Build target 'Target 1'
assembling main.asm...
linking...
.\cw_6.sct(8): warning: L6314W: No section matches pattern *(InRoot$$Sections).
Program Size: Code=376 RO-data=0 RW-data=0 ZI-data=1160  
FromELF: creating hex file...
".\cw_6.axf" - 0 Errors, 1 Warning(s).
Build target 'Target 1'
assembling main.asm...
linking...
.\cw_6.sct(8): warning: L6314W: No section matches pattern *(InRoot$$Sections).
Program Size: Code=376 RO-data=0 RW-data=0 ZI-data=1160  
FromELF: creating hex file...
".\cw_6.axf" - 0 Errors, 1 Warning(s).
Build target 'Target 1'
assembling main.asm...
linking...
.\cw_6.sct(8): warning: L6314W: No section matches pattern *(InRoot$$Sections).
Program Size: Code=376 RO-data=0 RW-data=0 ZI-data=1160  
FromELF: creating hex file...
".\cw_6.axf" - 0 Errors, 1 Warning(s).
Build target 'Target 1'
assembling main.asm...
linking...
.\cw_6.sct(8): warning: L6314W: No section matches pattern *(InRoot$$Sections).
Program Size: Code=376 RO-data=0 RW-data=0 ZI-data=1160  
FromELF: creating hex file...
".\cw_6.axf" - 0 Errors, 1 Warning(s).
Build target 'Target 1'
assembling main.asm...
linking...
.\cw_6.sct(8): warning: L6314W: No section matches pattern *(InRoot$$Sections).
Program Size: Code=392 RO-data=0 RW-data=0 ZI-data=1160  
FromELF: creating hex file...
".\cw_6.axf" - 0 Errors, 1 Warning(s).
Build target 'Target 1'
assembling main.asm...
linking...
.\cw_6.sct(8): warning: L6314W: No section matches pattern *(InRoot$$Sections).
Program Size: Code=404 RO-data=0 RW-data=0 ZI-data=1160  
FromELF: creating hex file...
".\cw_6.axf" - 0 Errors, 1 Warning(s).
Build target 'Target 1'
assembling main.asm...
linking...
.\cw_6.sct(8): warning: L6314W: No section matches pattern *(InRoot$$Sections).
Program Size: Code=408 RO-data=0 RW-data=0 ZI-data=1160  
FromELF: creating hex file...
".\cw_6.axf" - 0 Errors, 1 Warning(s).
Build target 'Target 1'
assembling main.asm...
linking...
.\cw_6.sct(8): warning: L6314W: No section matches pattern *(InRoot$$Sections).
Program Size: Code=404 RO-data=0 RW-data=0 ZI-data=1160  
FromELF: creating hex file...
".\cw_6.axf" - 0 Errors, 1 Warning(s).
Build target 'Target 1'
assembling main.asm...
linking...
.\cw_6.sct(8): warning: L6314W: No section matches pattern *(InRoot$$Sections).
Program Size: Code=404 RO-data=0 RW-data=0 ZI-data=1160  
FromELF: creating hex file...
".\cw_6.axf" - 0 Errors, 1 Warning(s).
Build target 'Target 1'
assembling main.asm...
linking...
.\cw_6.sct(8): warning: L6314W: No section matches pattern *(InRoot$$Sections).
Program Size: Code=376 RO-data=0 RW-data=0 ZI-data=1160  
FromELF: creating hex file...
".\cw_6.axf" - 0 Errors, 1 Warning(s).
Build target 'Target 1'
assembling main.asm...
linking...
.\cw_6.sct(8): warning: L6314W: No section matches pattern *(InRoot$$Sections).
Program Size: Code=404 RO-data=0 RW-data=0 ZI-data=1160  
FromELF: creating hex file...
".\cw_6.axf" - 0 Errors, 1 Warning(s).
Build target 'Target 1'
assembling main.asm...
linking...
.\cw_6.sct(8): warning: L6314W: No section matches pattern *(InRoot$$Sections).
Program Size: Code=396 RO-data=0 RW-data=0 ZI-data=1160  
FromELF: creating hex file...
".\cw_6.axf" - 0 Errors, 1 Warning(s).
Build target 'Target 1'
assembling main.asm...
linking...
.\cw_6.sct(8): warning: L6314W: No section matches pattern *(InRoot$$Sections).
Program Size: Code=396 RO-data=0 RW-data=0 ZI-data=1160  
FromELF: creating hex file...
".\cw_6.axf" - 0 Errors, 1 Warning(s).
Build target 'Target 1'
assembling main.asm...
linking...
.\cw_6.sct(8): warning: L6314W: No section matches pattern *(InRoot$$Sections).
Program Size: Code=400 RO-data=0 RW-data=0 ZI-data=1160  
FromELF: creating hex file...
".\cw_6.axf" - 0 Errors, 1 Warning(s).
Build target 'Target 1'
assembling main.asm...
linking...
.\cw_6.sct(8): warning: L6314W: No section matches pattern *(InRoot$$Sections).
Program Size: Code=392 RO-data=0 RW-data=0 ZI-data=1160  
FromELF: creating hex file...
".\cw_6.axf" - 0 Errors, 1 Warning(s).
Build target 'Target 1'
assembling main.asm...
linking...
.\cw_6.sct(8): warning: L6314W: No section matches pattern *(InRoot$$Sections).
Program Size: Code=408 RO-data=0 RW-data=0 ZI-data=1160  
FromELF: creating hex file...
".\cw_6.axf" - 0 Errors, 1 Warning(s).
Build target 'Target 1'
assembling main.asm...
linking...
.\cw_6.sct(8): warning: L6314W: No section matches pattern *(InRoot$$Sections).
Program Size: Code=412 RO-data=0 RW-data=0 ZI-data=1160  
FromELF: creating hex file...
".\cw_6.axf" - 0 Errors, 1 Warning(s).
Build target 'Target 1'
assembling main.asm...
linking...
.\cw_6.sct(8): warning: L6314W: No section matches pattern *(InRoot$$Sections).
Program Size: Code=416 RO-data=0 RW-data=0 ZI-data=1160  
FromELF: creating hex file...
".\cw_6.axf" - 0 Errors, 1 Warning(s).
Build target 'Target 1'
assembling main.asm...
linking...
.\cw_6.sct(8): warning: L6314W: No section matches pattern *(InRoot$$Sections).
Program Size: Code=416 RO-data=0 RW-data=0 ZI-data=1160  
FromELF: creating hex file...
".\cw_6.axf" - 0 Errors, 1 Warning(s).
Build target 'Target 1'
assembling main.asm...
linking...
.\cw_6.sct(8): warning: L6314W: No section matches pattern *(InRoot$$Sections).
Program Size: Code=416 RO-data=0 RW-data=0 ZI-data=1160  
FromELF: creating hex file...
".\cw_6.axf" - 0 Errors, 1 Warning(s).
Build target 'Target 1'
assembling main.asm...
linking...
.\cw_6.sct(8): warning: L6314W: No section matches pattern *(InRoot$$Sections).
Program Size: Code=416 RO-data=0 RW-data=0 ZI-data=1160  
FromELF: creating hex file...
".\cw_6.axf" - 0 Errors, 1 Warning(s).
Build target 'Target 1'
assembling main.asm...
linking...
.\cw_6.sct(8): warning: L6314W: No section matches pattern *(InRoot$$Sections).
Program Size: Code=420 RO-data=0 RW-data=0 ZI-data=1160  
FromELF: creating hex file...
".\cw_6.axf" - 0 Errors, 1 Warning(s).
Build target 'Target 1'
assembling main.asm...
main.asm(39): error: A1163E: Unknown opcode R12, , expecting opcode or Macro
main.asm(56): error: A1647E: Bad register name symbol, expected Integer register
".\cw_6.axf" - 2 Errors, 0 Warning(s).
Target not created
Build target 'Target 1'
assembling main.asm...
main.asm(39): error: A1163E: Unknown opcode R12, , expecting opcode or Macro
".\cw_6.axf" - 1 Errors, 0 Warning(s).
Target not created
Build target 'Target 1'
assembling main.asm...
main.asm(39): error: A1152E: Unexpected operator
".\cw_6.axf" - 1 Errors, 0 Warning(s).
Target not created
Rebuild target 'Target 1'
assembling Startup.s...
assembling main.asm...
linking...
.\cw_6.sct(8): warning: L6314W: No section matches pattern *(InRoot$$Sections).
Program Size: Code=424 RO-data=0 RW-data=0 ZI-data=1160  
FromELF: creating hex file...
".\cw_6.axf" - 0 Errors, 1 Warning(s).
Build target 'Target 1'
linking...
.\cw_6.sct(8): warning: L6314W: No section matches pattern *(InRoot$$Sections).
Program Size: Code=424 RO-data=0 RW-data=0 ZI-data=1160  
FromELF: creating hex file...
".\cw_6.axf" - 0 Errors, 1 Warning(s).
Build target 'Target 1'
assembling main.asm...
linking...
.\cw_6.sct(8): warning: L6314W: No section matches pattern *(InRoot$$Sections).
Program Size: Code=428 RO-data=0 RW-data=0 ZI-data=1160  
FromELF: creating hex file...
".\cw_6.axf" - 0 Errors, 1 Warning(s).
Build target 'Target 1'
assembling main.asm...
linking...
.\cw_6.sct(8): warning: L6314W: No section matches pattern *(InRoot$$Sections).
Program Size: Code=428 RO-data=0 RW-data=0 ZI-data=1160  
FromELF: creating hex file...
".\cw_6.axf" - 0 Errors, 1 Warning(s).
Build target 'Target 1'
assembling main.asm...
linking...
.\cw_6.sct(8): warning: L6314W: No section matches pattern *(InRoot$$Sections).
Program Size: Code=432 RO-data=0 RW-data=0 ZI-data=1160  
FromELF: creating hex file...
".\cw_6.axf" - 0 Errors, 1 Warning(s).
Build target 'Target 1'
linking...
.\cw_6.sct(8): warning: L6314W: No section matches pattern *(InRoot$$Sections).
Program Size: Code=432 RO-data=0 RW-data=0 ZI-data=1160  
FromELF: creating hex file...
".\cw_6.axf" - 0 Errors, 1 Warning(s).
Build target 'Target 1'
assembling main.asm...
linking...
.\cw_6.sct(8): warning: L6314W: No section matches pattern *(InRoot$$Sections).
Program Size: Code=428 RO-data=0 RW-data=0 ZI-data=1160  
FromELF: creating hex file...
".\cw_6.axf" - 0 Errors, 1 Warning(s).
Build target 'Target 1'
assembling main.asm...
linking...
.\cw_6.sct(8): warning: L6314W: No section matches pattern *(InRoot$$Sections).
Program Size: Code=428 RO-data=0 RW-data=0 ZI-data=1160  
FromELF: creating hex file...
".\cw_6.axf" - 0 Errors, 1 Warning(s).
Build target 'Target 1'
assembling main.asm...
linking...
.\cw_6.sct(8): warning: L6314W: No section matches pattern *(InRoot$$Sections).
Program Size: Code=424 RO-data=0 RW-data=0 ZI-data=1160  
FromELF: creating hex file...
".\cw_6.axf" - 0 Errors, 1 Warning(s).
Build target 'Target 1'
assembling main.asm...
main.asm(52): error: A1517E: Unexpected operator equal to or equivalent to =
".\cw_6.axf" - 1 Errors, 0 Warning(s).
Target not created
Build target 'Target 1'
assembling main.asm...
linking...
.\cw_6.sct(8): warning: L6314W: No section matches pattern *(InRoot$$Sections).
Program Size: Code=424 RO-data=0 RW-data=0 ZI-data=1160  
FromELF: creating hex file...
".\cw_6.axf" - 0 Errors, 1 Warning(s).
Build target 'Target 1'
assembling main.asm...
linking...
.\cw_6.sct(8): warning: L6314W: No section matches pattern *(InRoot$$Sections).
Program Size: Code=428 RO-data=0 RW-data=0 ZI-data=1160  
FromELF: creating hex file...
".\cw_6.axf" - 0 Errors, 1 Warning(s).
Build target 'Target 1'
assembling main.asm...
linking...
.\cw_6.sct(8): warning: L6314W: No section matches pattern *(InRoot$$Sections).
Program Size: Code=424 RO-data=0 RW-data=0 ZI-data=1160  
FromELF: creating hex file...
".\cw_6.axf" - 0 Errors, 1 Warning(s).
Build target 'Target 1'
assembling main.asm...
linking...
.\cw_6.sct(8): warning: L6314W: No section matches pattern *(InRoot$$Sections).
Program Size: Code=428 RO-data=0 RW-data=0 ZI-data=1160  
FromELF: creating hex file...
".\cw_6.axf" - 0 Errors, 1 Warning(s).
Rebuild target 'Target 1'
assembling Startup.s...
assembling main.asm...
linking...
.\cw_6.sct(8): warning: L6314W: No section matches pattern *(InRoot$$Sections).
Program Size: Code=428 RO-data=0 RW-data=0 ZI-data=1160  
FromELF: creating hex file...
".\cw_6.axf" - 0 Errors, 1 Warning(s).
Build target 'Target 1'
assembling main.asm...
linking...
.\cw_6.sct(8): warning: L6314W: No section matches pattern *(InRoot$$Sections).
Program Size: Code=424 RO-data=0 RW-data=0 ZI-data=1160  
FromELF: creating hex file...
".\cw_6.axf" - 0 Errors, 1 Warning(s).
Build target 'Target 1'
assembling main.asm...
linking...
.\cw_6.sct(8): warning: L6314W: No section matches pattern *(InRoot$$Sections).
Program Size: Code=428 RO-data=0 RW-data=0 ZI-data=1160  
FromELF: creating hex file...
".\cw_6.axf" - 0 Errors, 1 Warning(s).
Build target 'Target 1'
linking...
.\cw_6.sct(8): warning: L6314W: No section matches pattern *(InRoot$$Sections).
Program Size: Code=428 RO-data=0 RW-data=0 ZI-data=1160  
FromELF: creating hex file...
".\cw_6.axf" - 0 Errors, 1 Warning(s).
Build target 'Target 1'
assembling main.asm...
linking...
.\cw_6.sct(8): warning: L6314W: No section matches pattern *(InRoot$$Sections).
Program Size: Code=428 RO-data=0 RW-data=0 ZI-data=1160  
FromELF: creating hex file...
".\cw_6.axf" - 0 Errors, 1 Warning(s).
Build target 'Target 1'
linking...
.\cw_6.sct(8): warning: L6314W: No section matches pattern *(InRoot$$Sections).
Program Size: Code=428 RO-data=0 RW-data=0 ZI-data=1160  
FromELF: creating hex file...
".\cw_6.axf" - 0 Errors, 1 Warning(s).
Build target 'Target 1'
linking...
.\cw_6.sct(8): warning: L6314W: No section matches pattern *(InRoot$$Sections).
Program Size: Code=428 RO-data=0 RW-data=0 ZI-data=1160  
FromELF: creating hex file...
".\cw_6.axf" - 0 Errors, 1 Warning(s).
Build target 'Target 1'
assembling main.asm...
linking...
.\cw_6.sct(8): warning: L6314W: No section matches pattern *(InRoot$$Sections).
Program Size: Code=428 RO-data=0 RW-data=0 ZI-data=1160  
FromELF: creating hex file...
".\cw_6.axf" - 0 Errors, 1 Warning(s).
Build target 'Target 1'
assembling main.asm...
main.asm: error: A1023E: File "main.asm" could not be opened: No such file or directory
".\cw_6.axf" - 1 Errors, 0 Warning(s).
Target not created
Build target 'Target 1'
assembling main.asm...
linking...
.\cw_6.sct(8): warning: L6314W: No section matches pattern *(InRoot$$Sections).
Program Size: Code=428 RO-data=0 RW-data=0 ZI-data=1160  
FromELF: creating hex file...
".\cw_6.axf" - 0 Errors, 1 Warning(s).
