<html>
<body>
<pre>
<h1>µVision Build Log</h1>
<h2>Project:</h2>
C:\Users\User\Desktop\PPSW\LABPPSW\PPSW_JP\ARCHIVE\2. REJESTRY\PROGR15\ZAD15.uvproj
Project File Date:  03/22/2021

<h2>Output:</h2>
Build target 'Target 1'
compiling main.c...
main.c(23): warning:  #940-D: missing return statement at end of non-void function "eKeyboardRead"
linking...
Program Size: Code=988 RO-data=16 RW-data=0 ZI-data=1256  
FromELF: creating hex file...
".\ZAD15.axf" - 0 Errors, 1 Warning(s).
Build target 'Target 1'
compiling main.c...
main.c(23): warning:  #940-D: missing return statement at end of non-void function "eKeyboardRead"
linking...
Program Size: Code=988 RO-data=16 RW-data=0 ZI-data=1256  
FromELF: creating hex file...
".\ZAD15.axf" - 0 Errors, 1 Warning(s).
Build target 'Target 1'
compiling main.c...
main.c(23): warning:  #940-D: missing return statement at end of non-void function "eKeyboardRead"
linking...
Program Size: Code=1008 RO-data=16 RW-data=0 ZI-data=1256  
FromELF: creating hex file...
".\ZAD15.axf" - 0 Errors, 1 Warning(s).
Build target 'Target 1'
compiling main.c...
main.c(23): warning:  #940-D: missing return statement at end of non-void function "eKeyboardRead"
linking...
Program Size: Code=1080 RO-data=16 RW-data=0 ZI-data=1256  
FromELF: creating hex file...
".\ZAD15.axf" - 0 Errors, 1 Warning(s).
Build target 'Target 1'
compiling main.c...
main.c(23): warning:  #940-D: missing return statement at end of non-void function "eKeyboardRead"
linking...
Program Size: Code=1076 RO-data=16 RW-data=0 ZI-data=1256  
FromELF: creating hex file...
".\ZAD15.axf" - 0 Errors, 1 Warning(s).
Build target 'Target 1'
compiling main.c...
main.c(23): warning:  #940-D: missing return statement at end of non-void function "eKeyboardRead"
linking...
Program Size: Code=1068 RO-data=16 RW-data=0 ZI-data=1256  
FromELF: creating hex file...
".\ZAD15.axf" - 0 Errors, 1 Warning(s).
Build target 'Target 1'
compiling main.c...
main.c(23): warning:  #940-D: missing return statement at end of non-void function "eKeyboardRead"
linking...
Program Size: Code=1068 RO-data=16 RW-data=0 ZI-data=1256  
FromELF: creating hex file...
".\ZAD15.axf" - 0 Errors, 1 Warning(s).
Build target 'Target 1'
compiling main.c...
main.c(23): warning:  #940-D: missing return statement at end of non-void function "eKeyboardRead"
linking...
Program Size: Code=1068 RO-data=16 RW-data=0 ZI-data=1256  
FromELF: creating hex file...
".\ZAD15.axf" - 0 Errors, 1 Warning(s).
Build target 'Target 1'
compiling main.c...
main.c(23): warning:  #940-D: missing return statement at end of non-void function "eKeyboardRead"
linking...
Program Size: Code=1068 RO-data=16 RW-data=0 ZI-data=1256  
FromELF: creating hex file...
".\ZAD15.axf" - 0 Errors, 1 Warning(s).
Build target 'Target 1'
compiling main.c...
main.c(23): warning:  #940-D: missing return statement at end of non-void function "eKeyboardRead"
linking...
Program Size: Code=1068 RO-data=16 RW-data=0 ZI-data=1256  
FromELF: creating hex file...
".\ZAD15.axf" - 0 Errors, 1 Warning(s).
Build target 'Target 1'
compiling main.c...
main.c(23): warning:  #940-D: missing return statement at end of non-void function "eKeyboardRead"
linking...
Program Size: Code=1068 RO-data=16 RW-data=0 ZI-data=1256  
FromELF: creating hex file...
".\ZAD15.axf" - 0 Errors, 1 Warning(s).
Build target 'Target 1'
compiling main.c...
main.c(23): warning:  #940-D: missing return statement at end of non-void function "eKeyboardRead"
linking...
Program Size: Code=1068 RO-data=16 RW-data=0 ZI-data=1256  
FromELF: creating hex file...
".\ZAD15.axf" - 0 Errors, 1 Warning(s).
Build target 'Target 1'
compiling main.c...
main.c(23): warning:  #940-D: missing return statement at end of non-void function "eKeyboardRead"
linking...
Program Size: Code=1068 RO-data=16 RW-data=0 ZI-data=1256  
FromELF: creating hex file...
".\ZAD15.axf" - 0 Errors, 1 Warning(s).
Build target 'Target 1'
compiling main.c...
linking...
Program Size: Code=1068 RO-data=16 RW-data=0 ZI-data=1256  
FromELF: creating hex file...
".\ZAD15.axf" - 0 Errors, 0 Warning(s).
Build target 'Target 1'
linking...
Program Size: Code=1068 RO-data=16 RW-data=0 ZI-data=1256  
FromELF: creating hex file...
".\ZAD15.axf" - 0 Errors, 0 Warning(s).
Build target 'Target 1'
compiling main.c...
linking...
Program Size: Code=1080 RO-data=16 RW-data=0 ZI-data=1256  
FromELF: creating hex file...
".\ZAD15.axf" - 0 Errors, 0 Warning(s).
Build target 'Target 1'
compiling main.c...
linking...
Program Size: Code=1080 RO-data=16 RW-data=0 ZI-data=1256  
FromELF: creating hex file...
".\ZAD15.axf" - 0 Errors, 0 Warning(s).
Build target 'Target 1'
compiling main.c...
linking...
Program Size: Code=1068 RO-data=16 RW-data=0 ZI-data=1256  
FromELF: creating hex file...
".\ZAD15.axf" - 0 Errors, 0 Warning(s).
Build target 'Target 1'
linking...
Program Size: Code=1068 RO-data=16 RW-data=0 ZI-data=1256  
FromELF: creating hex file...
".\ZAD15.axf" - 0 Errors, 0 Warning(s).
Build target 'Target 1'
compiling main.c...
linking...
Program Size: Code=1092 RO-data=16 RW-data=0 ZI-data=1256  
FromELF: creating hex file...
".\ZAD15.axf" - 0 Errors, 0 Warning(s).
Build target 'Target 1'
compiling main.c...
linking...
Program Size: Code=1092 RO-data=16 RW-data=0 ZI-data=1256  
FromELF: creating hex file...
".\ZAD15.axf" - 0 Errors, 0 Warning(s).
Build target 'Target 1'
compiling main.c...
linking...
Program Size: Code=1108 RO-data=16 RW-data=0 ZI-data=1256  
FromELF: creating hex file...
".\ZAD15.axf" - 0 Errors, 0 Warning(s).
Build target 'Target 1'
linking...
Program Size: Code=1108 RO-data=16 RW-data=0 ZI-data=1256  
FromELF: creating hex file...
".\ZAD15.axf" - 0 Errors, 0 Warning(s).
