<html>
<body>
<pre>
<h1>µVision Build Log</h1>
<h2>Project:</h2>
C:\Users\User\Desktop\PPSW\PROGOBOW\APPENDSTRING\AppendString.uvproj
Project File Date:  03/18/2021

<h2>Output:</h2>
Build target 'Target 1'
assembling Startup.s...
compiling main.c...
linking...
Program Size: Code=900 RO-data=32 RW-data=512 ZI-data=1256  
FromELF: creating hex file...
".\AppendString.axf" - 0 Errors, 0 Warning(s).
Build target 'Target 1'
linking...
Program Size: Code=900 RO-data=32 RW-data=512 ZI-data=1256  
FromELF: creating hex file...
".\AppendString.axf" - 0 Errors, 0 Warning(s).
Clean started: Project: 'AppendString'
   deleting intermediate output files for target 'Target 1'
