<html>
<body>
<pre>
<h1>µVision Build Log</h1>
<h2>Project:</h2>
C:\Users\User\Desktop\PN_Lab1\ARM\cw_8\cw_8.uvproj
Project File Date:  11/14/2021

<h2>Output:</h2>
Build target 'Target 1'
assembling main.asm...
main.asm(92): warning: A1581W: Added 2 bytes of padding at address 0x8a
linking...
.\cw_8.sct(8): warning: L6314W: No section matches pattern *(InRoot$$Sections).
Program Size: Code=436 RO-data=0 RW-data=0 ZI-data=1160  
FromELF: creating hex file...
".\cw_8.axf" - 0 Errors, 2 Warning(s).
Build target 'Target 1'
assembling main.asm...
main.asm(96): warning: A1581W: Added 2 bytes of padding at address 0x76
linking...
.\cw_8.sct(8): warning: L6314W: No section matches pattern *(InRoot$$Sections).
Program Size: Code=408 RO-data=0 RW-data=0 ZI-data=1160  
FromELF: creating hex file...
".\cw_8.axf" - 0 Errors, 2 Warning(s).
Build target 'Target 1'
assembling main.asm...
main.asm(96): warning: A1581W: Added 2 bytes of padding at address 0x76
linking...
.\cw_8.sct(8): warning: L6314W: No section matches pattern *(InRoot$$Sections).
Program Size: Code=408 RO-data=0 RW-data=0 ZI-data=1160  
FromELF: creating hex file...
".\cw_8.axf" - 0 Errors, 2 Warning(s).
Build target 'Target 1'
assembling main.asm...
main.asm(95): warning: A1581W: Added 2 bytes of padding at address 0x76
linking...
.\cw_8.sct(8): warning: L6314W: No section matches pattern *(InRoot$$Sections).
Program Size: Code=408 RO-data=0 RW-data=0 ZI-data=1160  
FromELF: creating hex file...
".\cw_8.axf" - 0 Errors, 2 Warning(s).
Build target 'Target 1'
assembling main.asm...
main.asm(95): warning: A1581W: Added 2 bytes of padding at address 0x76
linking...
.\cw_8.sct(8): warning: L6314W: No section matches pattern *(InRoot$$Sections).
Program Size: Code=408 RO-data=0 RW-data=0 ZI-data=1160  
FromELF: creating hex file...
".\cw_8.axf" - 0 Errors, 2 Warning(s).
Build target 'Target 1'
assembling main.asm...
main.asm(95): warning: A1581W: Added 2 bytes of padding at address 0x72
linking...
.\cw_8.sct(8): warning: L6314W: No section matches pattern *(InRoot$$Sections).
Program Size: Code=404 RO-data=0 RW-data=0 ZI-data=1160  
FromELF: creating hex file...
".\cw_8.axf" - 0 Errors, 2 Warning(s).
Build target 'Target 1'
assembling main.asm...
main.asm(95): warning: A1581W: Added 2 bytes of padding at address 0x7e
linking...
.\cw_8.sct(8): warning: L6314W: No section matches pattern *(InRoot$$Sections).
Program Size: Code=420 RO-data=0 RW-data=0 ZI-data=1160  
FromELF: creating hex file...
".\cw_8.axf" - 0 Errors, 2 Warning(s).
Build target 'Target 1'
assembling main.asm...
main.asm(95): warning: A1581W: Added 2 bytes of padding at address 0x8a
linking...
.\cw_8.sct(8): warning: L6314W: No section matches pattern *(InRoot$$Sections).
Program Size: Code=436 RO-data=0 RW-data=0 ZI-data=1160  
FromELF: creating hex file...
".\cw_8.axf" - 0 Errors, 2 Warning(s).
Build target 'Target 1'
assembling main.asm...
main.asm(95): warning: A1581W: Added 2 bytes of padding at address 0x86
linking...
.\cw_8.sct(8): warning: L6314W: No section matches pattern *(InRoot$$Sections).
Program Size: Code=432 RO-data=0 RW-data=0 ZI-data=1160  
FromELF: creating hex file...
".\cw_8.axf" - 0 Errors, 2 Warning(s).
Build target 'Target 1'
assembling main.asm...
main.asm(98): warning: A1581W: Added 2 bytes of padding at address 0x96
linking...
.\cw_8.sct(8): warning: L6314W: No section matches pattern *(InRoot$$Sections).
Program Size: Code=448 RO-data=0 RW-data=0 ZI-data=1160  
FromELF: creating hex file...
".\cw_8.axf" - 0 Errors, 2 Warning(s).
Build target 'Target 1'
linking...
.\cw_8.sct(8): warning: L6314W: No section matches pattern *(InRoot$$Sections).
Program Size: Code=448 RO-data=0 RW-data=0 ZI-data=1160  
FromELF: creating hex file...
".\cw_8.axf" - 0 Errors, 1 Warning(s).
Build target 'Target 1'
assembling main.asm...
main.asm(98): warning: A1581W: Added 2 bytes of padding at address 0x96
linking...
.\cw_8.sct(8): warning: L6314W: No section matches pattern *(InRoot$$Sections).
Program Size: Code=448 RO-data=0 RW-data=0 ZI-data=1160  
FromELF: creating hex file...
".\cw_8.axf" - 0 Errors, 2 Warning(s).
Build target 'Target 1'
assembling main.asm...
main.asm(96): warning: A1581W: Added 2 bytes of padding at address 0xa2
linking...
.\cw_8.sct(8): warning: L6314W: No section matches pattern *(InRoot$$Sections).
Program Size: Code=464 RO-data=0 RW-data=0 ZI-data=1160  
FromELF: creating hex file...
".\cw_8.axf" - 0 Errors, 2 Warning(s).
Build target 'Target 1'
assembling main.asm...
main.asm(96): warning: A1581W: Added 2 bytes of padding at address 0xa2
linking...
.\cw_8.sct(8): warning: L6314W: No section matches pattern *(InRoot$$Sections).
Program Size: Code=464 RO-data=0 RW-data=0 ZI-data=1160  
FromELF: creating hex file...
".\cw_8.axf" - 0 Errors, 2 Warning(s).
Build target 'Target 1'
assembling main.asm...
main.asm(21): error: A1516E: Bad symbol 'PORT1SET', not defined or external
main.asm(70): warning: A1581W: Added 2 bytes of padding at address 0x96
".\cw_8.axf" - 1 Errors, 1 Warning(s).
Target not created
Build target 'Target 1'
assembling main.asm...
main.asm(70): warning: A1581W: Added 2 bytes of padding at address 0x96
linking...
.\cw_8.sct(8): warning: L6314W: No section matches pattern *(InRoot$$Sections).
Program Size: Code=452 RO-data=0 RW-data=0 ZI-data=1160  
FromELF: creating hex file...
".\cw_8.axf" - 0 Errors, 2 Warning(s).
Build target 'Target 1'
assembling main.asm...
main.asm(70): warning: A1581W: Added 2 bytes of padding at address 0x96
linking...
.\cw_8.sct(8): warning: L6314W: No section matches pattern *(InRoot$$Sections).
Program Size: Code=452 RO-data=0 RW-data=0 ZI-data=1160  
FromELF: creating hex file...
".\cw_8.axf" - 0 Errors, 2 Warning(s).
Build target 'Target 1'
assembling main.asm...
main.asm(70): warning: A1581W: Added 2 bytes of padding at address 0x96
linking...
.\cw_8.sct(8): warning: L6314W: No section matches pattern *(InRoot$$Sections).
Program Size: Code=452 RO-data=0 RW-data=0 ZI-data=1160  
FromELF: creating hex file...
".\cw_8.axf" - 0 Errors, 2 Warning(s).
Build target 'Target 1'
assembling main.asm...
main.asm(70): warning: A1581W: Added 2 bytes of padding at address 0x96
linking...
.\cw_8.sct(8): warning: L6314W: No section matches pattern *(InRoot$$Sections).
Program Size: Code=452 RO-data=0 RW-data=0 ZI-data=1160  
FromELF: creating hex file...
".\cw_8.axf" - 0 Errors, 2 Warning(s).
Build target 'Target 1'
linking...
.\cw_8.sct(8): warning: L6314W: No section matches pattern *(InRoot$$Sections).
Program Size: Code=452 RO-data=0 RW-data=0 ZI-data=1160  
FromELF: creating hex file...
".\cw_8.axf" - 0 Errors, 1 Warning(s).
